=== RUN   TestModelLifecycle
=== RUN   TestModelLifecycle/CloudStore
=== RUN   TestModelLifecycle/LocalStore
--- PASS: TestModelLifecycle (0.03s)
    --- PASS: TestModelLifecycle/CloudStore (0.02s)
    --- PASS: TestModelLifecycle/LocalStore (0.01s)
=== RUN   TestKeyMapping
=== RUN   TestKeyMapping/CloudStore
=== RUN   TestKeyMapping/LocalStore
--- PASS: TestKeyMapping (0.01s)
    --- PASS: TestKeyMapping/CloudStore (0.00s)
    --- PASS: TestKeyMapping/LocalStore (0.00s)
=== RUN   TestPropertyMarshaling
=== RUN   TestPropertyMarshaling/CloudStore
    orm_test.go:399: Expected error decrypting with wrong key: cipher: message authentication failed
=== RUN   TestPropertyMarshaling/LocalStore
    orm_test.go:399: Expected error decrypting with wrong key: datastore: no such entity
--- PASS: TestPropertyMarshaling (0.03s)
    --- PASS: TestPropertyMarshaling/CloudStore (0.02s)
    --- PASS: TestPropertyMarshaling/LocalStore (0.02s)
=== RUN   TestDatastoreTags
=== RUN   TestDatastoreTags/CloudStore
=== RUN   TestDatastoreTags/LocalStore
DSORM-DEBUG Run query on DatastoreTagModel with filters [{NotIndexed = hidden}] returned 2 docs
Doc: map[ID:1772051481468134703 Ignored:should-not-save Indexed:visible NotIndexed:hidden Renamed:renamed-value __key__:1772051481468134703 _id:1a0f1f21-e367-437b-8126-0f04e4b45d81]
Doc: map[ID:1772051391609970704 Ignored:should-not-save Indexed:visible NotIndexed:hidden Renamed:renamed-value __key__:1772051391609970704 _id:3d2b6c64-d3cd-4f8c-be5e-ac04f91647bd]
    orm_test.go:517: Query on unindexed field returned 2 results, expected 0
DSORM-DEBUG Run query on DatastoreTagModel with filters [{Indexed = visible}] returned 5 docs
Doc: map[ID:1772051481468134703 Ignored:should-not-save Indexed:visible NotIndexed:hidden Renamed:renamed-value __key__:1772051481468134703 _id:1a0f1f21-e367-437b-8126-0f04e4b45d81]
Doc: map[ID:1772051391609970704 Ignored:should-not-save Indexed:visible NotIndexed:hidden Renamed:renamed-value __key__:1772051391609970704 _id:3d2b6c64-d3cd-4f8c-be5e-ac04f91647bd]
Doc: map[ID:1772051562864941738 Indexed:visible __key__:1772051562864941738 __props__:[27 255 129 2 1 1 12 80 114 111 112 101 114 116 121 76 105 115 116 1 255 130 0 1 255 128 0 0 52 127 3 1 1 8 80 114 111 112 101 114 116 121 1 255 128 0 1 3 1 4 78 97 109 101 1 12 0 1 5 86 97 108 117 101 1 16 0 1 7 78 111 73 110 100 101 120 1 2 0 0 0 255 129 255 130 0 4 1 2 73 68 1 5 105 110 116 54 52 4 10 0 248 49 47 47 3 240 123 53 84 0 1 11 99 117 115 116 111 109 95 110 97 109 101 1 6 115 116 114 105 110 103 12 15 0 13 114 101 110 97 109 101 100 45 118 97 108 117 101 0 1 10 78 111 116 73 110 100 101 120 101 100 1 6 115 116 114 105 110 103 12 8 0 6 104 105 100 100 101 110 1 1 0 1 7 73 110 100 101 120 101 100 1 6 115 116 114 105 110 103 12 9 0 7 118 105 115 105 98 108 101 0] _id:763c8036-637e-4b39-bcd8-d078cba5394b custom_name:renamed-value]
Doc: map[ID:1772051861409094826 Indexed:visible __key__:1772051861409094826 __props__:[27 255 129 2 1 1 12 80 114 111 112 101 114 116 121 76 105 115 116 1 255 130 0 1 255 128 0 0 52 127 3 1 1 8 80 114 111 112 101 114 116 121 1 255 128 0 1 3 1 4 78 97 109 101 1 12 0 1 5 86 97 108 117 101 1 16 0 1 7 78 111 73 110 100 101 120 1 2 0 0 0 255 129 255 130 0 4 1 2 73 68 1 5 105 110 116 54 52 4 10 0 248 49 47 47 142 245 183 185 84 0 1 11 99 117 115 116 111 109 95 110 97 109 101 1 6 115 116 114 105 110 103 12 15 0 13 114 101 110 97 109 101 100 45 118 97 108 117 101 0 1 10 78 111 116 73 110 100 101 120 101 100 1 6 115 116 114 105 110 103 12 8 0 6 104 105 100 100 101 110 1 1 0 1 7 73 110 100 101 120 101 100 1 6 115 116 114 105 110 103 12 9 0 7 118 105 115 105 98 108 101 0] _id:d2378fb8-0685-48f1-9850-a48775ba7d26 custom_name:renamed-value]
Doc: map[ID:1772051668207302311 Indexed:visible __key__:1772051668207302311 __props__:[27 255 129 2 1 1 12 80 114 111 112 101 114 116 121 76 105 115 116 1 255 130 0 1 255 128 0 0 52 127 3 1 1 8 80 114 111 112 101 114 116 121 1 255 128 0 1 3 1 4 78 97 109 101 1 12 0 1 5 86 97 108 117 101 1 16 0 1 7 78 111 73 110 100 101 120 1 2 0 0 0 255 129 255 130 0 4 1 2 73 68 1 5 105 110 116 54 52 4 10 0 248 49 47 47 52 254 68 237 78 0 1 11 99 117 115 116 111 109 95 110 97 109 101 1 6 115 116 114 105 110 103 12 15 0 13 114 101 110 97 109 101 100 45 118 97 108 117 101 0 1 10 78 111 116 73 110 100 101 120 101 100 1 6 115 116 114 105 110 103 12 8 0 6 104 105 100 100 101 110 1 1 0 1 7 73 110 100 101 120 101 100 1 6 115 116 114 105 110 103 12 9 0 7 118 105 115 105 98 108 101 0] _id:f7a83af1-6f7a-4107-a323-62e72daf491c custom_name:renamed-value]
--- FAIL: TestDatastoreTags (0.02s)
    --- PASS: TestDatastoreTags/CloudStore (0.01s)
    --- FAIL: TestDatastoreTags/LocalStore (0.01s)
=== RUN   TestDBOperations
=== RUN   TestDBOperations/LocalStore
2026/02/25 14:37:41 dsorm:lockCache AddMulti: dsorm: not stored (and 7 other errors)
    orm_test.go:594: Result 0 is nil
    orm_test.go:594: Result 1 is nil
    orm_test.go:594: Result 2 is nil
    orm_test.go:594: Result 3 is nil
    orm_test.go:594: Result 4 is nil
    orm_test.go:594: Result 5 is nil
    orm_test.go:594: Result 6 is nil
    orm_test.go:594: Result 7 is nil
    orm_test.go:594: Result 8 is nil
=== RUN   TestDBOperations/CloudStore
--- FAIL: TestDBOperations (0.04s)
    --- FAIL: TestDBOperations/LocalStore (0.02s)
    --- PASS: TestDBOperations/CloudStore (0.02s)
=== RUN   TestTransactions
=== RUN   TestTransactions/CloudStore
=== RUN   TestTransactions/LocalStore
    orm_test.go:668: Value should not ensure updated. Got rollback-this
--- FAIL: TestTransactions (0.02s)
    --- PASS: TestTransactions/CloudStore (0.01s)
    --- FAIL: TestTransactions/LocalStore (0.01s)
=== RUN   TestStructParent
=== RUN   TestStructParent/LocalStore
=== RUN   TestStructParent/CloudStore
--- PASS: TestStructParent (0.01s)
    --- PASS: TestStructParent/LocalStore (0.00s)
    --- PASS: TestStructParent/CloudStore (0.00s)
=== RUN   TestGetMultiGeneric
=== RUN   TestGetMultiGeneric/CloudStore
=== RUN   TestGetMultiGeneric/LocalStore
--- PASS: TestGetMultiGeneric (0.04s)
    --- PASS: TestGetMultiGeneric/CloudStore (0.01s)
    --- PASS: TestGetMultiGeneric/LocalStore (0.02s)
=== RUN   TestTransactionPendingKey
=== RUN   TestTransactionPendingKey/CloudStore
=== RUN   TestTransactionPendingKey/LocalStore
--- PASS: TestTransactionPendingKey (0.01s)
    --- PASS: TestTransactionPendingKey/CloudStore (0.00s)
    --- PASS: TestTransactionPendingKey/LocalStore (0.00s)
FAIL
FAIL	command-line-arguments	0.227s
FAIL
